// Jest Snapshot v1, https://goo.gl/fbAQLP

exports[`<Footer /> Should render on screen properly 1`] = `
.c0 {
  color: #F3F4F5;
  font-weight: bold;
  padding: 0.625rem;
  display: -webkit-box;
  display: -webkit-flex;
  display: -ms-flexbox;
  display: flex;
  -webkit-box-pack: center;
  -webkit-justify-content: center;
  -ms-flex-pack: center;
  justify-content: center;
  -webkit-align-items: end;
  -webkit-box-align: end;
  -ms-flex-align: end;
  align-items: end;
  display: -webkit-box;
  display: -webkit-flex;
  display: -ms-flexbox;
  display: flex;
  position: fixed;
  bottom: 0;
  background-image: url(wave.svg);
  background-repeat: no-repeat;
  background-size: cover;
  width: 100%;
  height: 20rem;
  z-index: -10000;
}

<div>
  <footer
    class="c0"
  >
    Guilherme Turri - Trade Technology
  </footer>
</div>
`;
